// Jest Snapshot v1, https://goo.gl/fbAQLP

exports[`<Home /> 1`] = `
<div
  className="container"
>
  <h1>
    Hello, world!
  </h1>
  <nav>
    <a
      href="/"
      onClick={[Function]}
    >
      Home
    </a>
    <a
      href="/about"
      onClick={[Function]}
    >
      About
    </a>
  </nav>
  <img
    className="container-img"
    src="test-file-stub"
  />
  <p>
    This is the home page.
  </p>
  <p>
    Magnificent.
  </p>
</div>
`;
